\BOOKMARK [0][]{chapter.1}{\376\377\000I\000n\000t\000r\000o\000d\000u\000c\000t\000i\000o\000n\000\040\000t\000o\000\040\000c\000o\000m\000b\000i\000n\000a\000t\000o\000r\000i\000a\000l\000\040\000o\000p\000t\000i\000m\000i\000z\000a\000t\000i\000o\000n}{}% 1
\BOOKMARK [1][]{section.1.1}{\376\377\000H\000i\000s\000t\000o\000r\000i\000c\000a\000l\000\040\000r\000o\000o\000t\000s}{chapter.1}% 2
\BOOKMARK [1][]{section.1.2}{\376\377\000F\000a\000m\000i\000l\000i\000e\000s\000\040\000o\000f\000\040\000p\000r\000o\000b\000l\000e\000m\000s}{chapter.1}% 3
\BOOKMARK [1][]{section.1.3}{\376\377\000C\000o\000m\000p\000l\000e\000x\000i\000t\000y\000\040\000a\000n\000d\000\040\000s\000o\000l\000v\000i\000n\000g\000\040\000s\000t\000r\000a\000t\000e\000g\000i\000e\000s}{chapter.1}% 4
\BOOKMARK [0][]{chapter.2}{\376\377\000I\000n\000t\000r\000o\000d\000u\000c\000t\000i\000o\000n\000\040\000t\000o\000\040\000m\000a\000c\000h\000i\000n\000e\000\040\000s\000c\000h\000e\000d\000u\000l\000i\000n\000g}{}% 5
\BOOKMARK [1][]{section.2.1}{\376\377\000P\000r\000o\000b\000l\000e\000m\000\040\000c\000l\000a\000s\000s\000i\000f\000i\000c\000a\000t\000i\000o\000n}{chapter.2}% 6
\BOOKMARK [1][]{section.2.2}{\376\377\000F\000l\000o\000w\000\040\000s\000h\000o\000p\000\040\000s\000c\000h\000e\000d\000u\000l\000i\000n\000g}{chapter.2}% 7
\BOOKMARK [1][]{section.2.3}{\376\377\000P\000e\000r\000m\000u\000t\000a\000t\000i\000o\000n\000\040\000f\000l\000o\000w\000\040\000s\000h\000o\000p\000\040\000s\000c\000h\000e\000d\000u\000l\000i\000n\000g\000\040\000p\000r\000o\000b\000l\000e\000m\000s\000\040\000\050\000P\000F\000S\000S\000P\000\051}{chapter.2}% 8
\BOOKMARK [0][]{chapter.3}{\376\377\000P\000r\000o\000b\000l\000e\000m\000\040\000i\000d\000e\000n\000t\000i\000f\000i\000c\000a\000t\000i\000o\000n}{}% 9
\BOOKMARK [1][]{section.3.1}{\376\377\000M\000a\000t\000h\000e\000m\000a\000t\000i\000c\000a\000l\000\040\000n\000o\000t\000a\000t\000i\000o\000n\000:\000\040\000p\000a\000r\000a\000m\000e\000t\000e\000r\000s\000,\000\040\000i\000n\000d\000e\000x\000e\000s\000\040\000a\000n\000d\000\040\000v\000a\000r\000i\000a\000b\000l\000e\000s}{chapter.3}% 10
\BOOKMARK [1][]{section.3.2}{\376\377\000C\000o\000n\000s\000t\000r\000a\000i\000n\000t\000s\000\040\000a\000n\000d\000\040\000o\000b\000j\000e\000c\000t\000i\000v\000e\000\040\000f\000u\000n\000c\000t\000i\000o\000n}{chapter.3}% 11
\BOOKMARK [1][]{section.3.3}{\376\377\000T\000h\000e\000\040\000p\000r\000o\000p\000o\000s\000e\000d\000\040\000m\000e\000t\000a\000h\000e\000u\000r\000i\000s\000t\000i\000c}{chapter.3}% 12
\BOOKMARK [0][]{chapter.4}{\376\377\000P\000r\000o\000c\000e\000d\000u\000r\000e\000s}{}% 13
\BOOKMARK [1][]{section.4.1}{\376\377\000D\000a\000t\000a\000\040\000m\000a\000n\000a\000g\000e\000m\000e\000n\000t\000\040\000a\000n\000d\000\040\000i\000n\000p\000u\000t}{chapter.4}% 14
\BOOKMARK [1][]{section.4.2}{\376\377\000M\000I\000P\000\040\000i\000m\000p\000l\000e\000m\000e\000n\000t\000a\000t\000i\000o\000n}{chapter.4}% 15
\BOOKMARK [1][]{section.4.3}{\376\377\000M\000e\000t\000a\000h\000e\000u\000r\000i\000s\000t\000i\000c\000\040\000i\000m\000p\000l\000e\000m\000e\000n\000t\000a\000t\000i\000o\000n}{chapter.4}% 16
\BOOKMARK [2][]{subsection.4.3.1}{\376\377\000S\000c\000h\000e\000d\000u\000l\000e\000\040\000o\000p\000e\000r\000a\000t\000i\000o\000n}{section.4.3}% 17
\BOOKMARK [2][]{subsection.4.3.2}{\376\377\000C\000o\000m\000p\000u\000t\000e\000\040\000s\000c\000h\000e\000d\000u\000l\000e}{section.4.3}% 18
\BOOKMARK [2][]{subsection.4.3.3}{\376\377\000M\000a\000k\000e\000s\000p\000a\000n}{section.4.3}% 19
\BOOKMARK [2][]{subsection.4.3.4}{\376\377\000S\000w\000a\000p\000\040\000m\000o\000v\000e}{section.4.3}% 20
\BOOKMARK [2][]{subsection.4.3.5}{\376\377\000I\000n\000s\000e\000r\000t\000i\000o\000n\000\040\000m\000o\000v\000e}{section.4.3}% 21
\BOOKMARK [2][]{subsection.4.3.6}{\376\377\000G\000e\000t\000\040\000n\000e\000i\000g\000h\000b\000o\000u\000r}{section.4.3}% 22
\BOOKMARK [2][]{subsection.4.3.7}{\376\377\000S\000i\000m\000u\000l\000a\000t\000e\000d\000\040\000a\000n\000n\000e\000a\000l\000i\000n\000g}{section.4.3}% 23
\BOOKMARK [1][]{section.4.4}{\376\377\000R\000e\000s\000u\000l\000t\000s\000\040\000v\000i\000s\000u\000a\000l\000i\000z\000a\000t\000i\000o\000n\000:\000\040\000t\000h\000e\000\040\000g\000a\000n\000t\000t\000\040\000c\000h\000a\000r\000t\000\040\000g\000e\000n\000e\000r\000a\000t\000o\000r}{chapter.4}% 24
\BOOKMARK [1][]{section.4.5}{\376\377\000A\000u\000t\000o\000m\000a\000t\000i\000o\000n\000\040\000o\000f\000\040\000t\000h\000e\000\040\000i\000m\000p\000l\000e\000m\000e\000n\000t\000a\000t\000i\000o\000n}{chapter.4}% 25
\BOOKMARK [0][]{chapter.5}{\376\377\000R\000e\000s\000u\000l\000t\000s}{}% 26
\BOOKMARK [1][]{section.5.1}{\376\377\000A\000n\000a\000l\000y\000s\000i\000s\000\040\000o\000f\000\040\000t\000h\000e\000\040\000o\000b\000j\000.\000\040\000v\000a\000l\000u\000e\000s}{chapter.5}% 27
\BOOKMARK [1][]{section.5.2}{\376\377\000C\000o\000m\000p\000u\000t\000a\000t\000i\000o\000n\000a\000l\000\040\000t\000i\000m\000e\000\040\000a\000n\000a\000l\000y\000s\000i\000s}{chapter.5}% 28
\BOOKMARK [1][]{section.5.3}{\376\377\000\045\000\040\000g\000a\000p\000\040\000a\000n\000a\000l\000y\000s\000i\000s}{chapter.5}% 29
\BOOKMARK [1][]{section.5.4}{\376\377\000G\000a\000n\000t\000t\000\040\000c\000h\000a\000r\000t\000s\000\040\000a\000n\000a\000l\000y\000s\000i\000s}{chapter.5}% 30
\BOOKMARK [0][]{chapter.6}{\376\377\000C\000o\000n\000c\000l\000u\000s\000i\000o\000n\000s}{}% 31
\BOOKMARK [1][]{section.6.1}{\376\377\000S\000u\000m\000m\000a\000r\000y\000\040\000o\000f\000\040\000t\000h\000e\000\040\000r\000e\000s\000u\000l\000t\000s\000\040\000a\000n\000d\000\040\000s\000u\000p\000r\000e\000m\000a\000c\000y\000\040\000o\000f\000\040\000t\000h\000e\000\040\000m\000e\000t\000a\000h\000e\000u\000r\000i\000s\000t\000i\000c}{chapter.6}% 32
\BOOKMARK [1][]{section.6.2}{\376\377\000M\000a\000i\000n\000t\000e\000n\000a\000n\000c\000e\000\040\000a\000n\000d\000\040\000i\000n\000d\000u\000s\000t\000r\000i\000a\000l\000\040\000r\000e\000a\000l\000i\000t\000y}{chapter.6}% 33
\BOOKMARK [1][]{section.6.3}{\376\377\000D\000e\000c\000i\000s\000i\000o\000n\000a\000l\000\040\000a\000n\000d\000\040\000s\000e\000c\000t\000o\000r\000i\000a\000l\000\040\000f\000l\000e\000x\000i\000b\000i\000l\000i\000t\000y}{chapter.6}% 34
\BOOKMARK [0][]{appendix.A}{\376\377\000S\000c\000r\000i\000p\000t\000s}{}% 35
\BOOKMARK [1][]{section.A.1}{\376\377\000D\000a\000t\000a\000\040\000g\000e\000n\000e\000r\000a\000t\000i\000o\000n\000\040\000s\000c\000r\000i\000p\000t}{appendix.A}% 36
\BOOKMARK [1][]{section.A.2}{\376\377\000M\000I\000P\000\040\000i\000m\000p\000l\000e\000m\000e\000n\000t\000a\000t\000i\000o\000n\000\040\000s\000c\000r\000i\000p\000t}{appendix.A}% 37
\BOOKMARK [1][]{section.A.3}{\376\377\000S\000i\000m\000u\000l\000a\000t\000e\000d\000\040\000a\000n\000n\000e\000a\000l\000i\000n\000g\000\040\000s\000c\000r\000i\000p\000t}{appendix.A}% 38
\BOOKMARK [1][]{section.A.4}{\376\377\000A\000u\000t\000o\000m\000a\000t\000i\000o\000n\000\040\000s\000c\000r\000i\000p\000t}{appendix.A}% 39
\BOOKMARK [0][]{section*.14}{\376\377\000L\000i\000s\000t\000\040\000o\000f\000\040\000T\000a\000b\000l\000e\000s}{}% 40
\BOOKMARK [0][]{section*.15}{\376\377\000L\000i\000s\000t\000\040\000o\000f\000\040\000F\000i\000g\000u\000r\000e\000s}{}% 41
